------------------------------------------------------------
TimeQuest Timing Analyzer Summary
------------------------------------------------------------

Type  : Slow 1200mV 85C Model Setup 'inst1|altpll_component|auto_generated|pll1|clk[0]'
Slack : -4.908
TNS   : -18.262

Type  : Slow 1200mV 85C Model Setup 'vga:inst|vert_sync_out'
Slack : -1.524
TNS   : -16.369

Type  : Slow 1200mV 85C Model Setup 'MOUSE:inst5|MOUSE_CLK_FILTER'
Slack : -1.474
TNS   : -38.309

Type  : Slow 1200mV 85C Model Hold 'inst1|altpll_component|auto_generated|pll1|clk[0]'
Slack : -0.183
TNS   : -0.183

Type  : Slow 1200mV 85C Model Hold 'MOUSE:inst5|MOUSE_CLK_FILTER'
Slack : -0.171
TNS   : -0.291

Type  : Slow 1200mV 85C Model Hold 'vga:inst|vert_sync_out'
Slack : 0.359
TNS   : 0.000

Type  : Slow 1200mV 85C Model Recovery 'MOUSE:inst5|MOUSE_CLK_FILTER'
Slack : 0.095
TNS   : 0.000

Type  : Slow 1200mV 85C Model Removal 'MOUSE:inst5|MOUSE_CLK_FILTER'
Slack : -0.137
TNS   : -1.785

Type  : Slow 1200mV 85C Model Minimum Pulse Width 'MOUSE:inst5|MOUSE_CLK_FILTER'
Slack : -1.000
TNS   : -35.000

Type  : Slow 1200mV 85C Model Minimum Pulse Width 'vga:inst|vert_sync_out'
Slack : -1.000
TNS   : -14.000

Type  : Slow 1200mV 85C Model Minimum Pulse Width 'clk'
Slack : 9.825
TNS   : 0.000

Type  : Slow 1200mV 85C Model Minimum Pulse Width 'inst1|altpll_component|auto_generated|pll1|clk[0]'
Slack : 19.755
TNS   : 0.000

Type  : Slow 1200mV 0C Model Setup 'inst1|altpll_component|auto_generated|pll1|clk[0]'
Slack : -4.172
TNS   : -15.127

Type  : Slow 1200mV 0C Model Setup 'vga:inst|vert_sync_out'
Slack : -1.276
TNS   : -13.126

Type  : Slow 1200mV 0C Model Setup 'MOUSE:inst5|MOUSE_CLK_FILTER'
Slack : -1.211
TNS   : -30.959

Type  : Slow 1200mV 0C Model Hold 'inst1|altpll_component|auto_generated|pll1|clk[0]'
Slack : -0.289
TNS   : -0.289

Type  : Slow 1200mV 0C Model Hold 'MOUSE:inst5|MOUSE_CLK_FILTER'
Slack : -0.039
TNS   : -0.039

Type  : Slow 1200mV 0C Model Hold 'vga:inst|vert_sync_out'
Slack : 0.313
TNS   : 0.000

Type  : Slow 1200mV 0C Model Recovery 'MOUSE:inst5|MOUSE_CLK_FILTER'
Slack : 0.011
TNS   : 0.000

Type  : Slow 1200mV 0C Model Removal 'MOUSE:inst5|MOUSE_CLK_FILTER'
Slack : 0.084
TNS   : 0.000

Type  : Slow 1200mV 0C Model Minimum Pulse Width 'MOUSE:inst5|MOUSE_CLK_FILTER'
Slack : -1.000
TNS   : -35.000

Type  : Slow 1200mV 0C Model Minimum Pulse Width 'vga:inst|vert_sync_out'
Slack : -1.000
TNS   : -14.000

Type  : Slow 1200mV 0C Model Minimum Pulse Width 'clk'
Slack : 9.785
TNS   : 0.000

Type  : Slow 1200mV 0C Model Minimum Pulse Width 'inst1|altpll_component|auto_generated|pll1|clk[0]'
Slack : 19.749
TNS   : 0.000

Type  : Fast 1200mV 0C Model Setup 'inst1|altpll_component|auto_generated|pll1|clk[0]'
Slack : -2.353
TNS   : -8.712

Type  : Fast 1200mV 0C Model Setup 'vga:inst|vert_sync_out'
Slack : -0.415
TNS   : -3.233

Type  : Fast 1200mV 0C Model Setup 'MOUSE:inst5|MOUSE_CLK_FILTER'
Slack : -0.377
TNS   : -6.209

Type  : Fast 1200mV 0C Model Hold 'MOUSE:inst5|MOUSE_CLK_FILTER'
Slack : -0.225
TNS   : -1.302

Type  : Fast 1200mV 0C Model Hold 'inst1|altpll_component|auto_generated|pll1|clk[0]'
Slack : -0.135
TNS   : -0.135

Type  : Fast 1200mV 0C Model Hold 'vga:inst|vert_sync_out'
Slack : 0.187
TNS   : 0.000

Type  : Fast 1200mV 0C Model Recovery 'MOUSE:inst5|MOUSE_CLK_FILTER'
Slack : 0.263
TNS   : 0.000

Type  : Fast 1200mV 0C Model Removal 'MOUSE:inst5|MOUSE_CLK_FILTER'
Slack : 0.015
TNS   : 0.000

Type  : Fast 1200mV 0C Model Minimum Pulse Width 'MOUSE:inst5|MOUSE_CLK_FILTER'
Slack : -1.000
TNS   : -35.000

Type  : Fast 1200mV 0C Model Minimum Pulse Width 'vga:inst|vert_sync_out'
Slack : -1.000
TNS   : -14.000

Type  : Fast 1200mV 0C Model Minimum Pulse Width 'clk'
Slack : 9.585
TNS   : 0.000

Type  : Fast 1200mV 0C Model Minimum Pulse Width 'inst1|altpll_component|auto_generated|pll1|clk[0]'
Slack : 19.781
TNS   : 0.000

------------------------------------------------------------
